.\venv\Scripts\python.exe :   File "<string>", line 1
At line:1 char:1
+ .\venv\Scripts\python.exe -c 'from app.agents import CRMAgent; print( ...
+ ~~~~~~~~~~~~~~~~~~~~~~~~~~~~~~~~~~~~~~~~~~~~~~~~~~~~~~~~~~~~~~~~~~~~~
    + CategoryInfo          : NotSpecified: (  File "<string>", line 1:String) 
    [], RemoteException
    + FullyQualifiedErrorId : NativeCommandError
 
    from app.agents import CRMAgent; print(
                                           ^
SyntaxError: unexpected EOF while parsing
